// Jest Snapshot v1, https://goo.gl/fbAQLP

exports[`Paragraph Render Renders correctly 1`] = `
<p
  className="sc-bdnxRM jcQGal"
  data-testid="Paragraph"
/>
`;
