// Jest Snapshot v1, https://goo.gl/fbAQLP

exports[`Container Render Renders correctly 1`] = `
<div
  className="sc-bdnxRM bNYsxr"
  data-testid="Container"
/>
`;
