// Jest Snapshot v1, https://goo.gl/fbAQLP

exports[`Page Render Renders correctly 1`] = `
<div
  className="sc-bdnxRM bQBUVB"
  data-testid="Page"
/>
`;
