// Jest Snapshot v1, https://goo.gl/fbAQLP

exports[`Button Render Renders correctly 1`] = `
<button
  className="sc-bdnxRM hxtrhb"
  data-testid="Button"
  onClick={[Function]}
  type="button"
/>
`;
